>>> text_indentation = __import__('5-text_indentation').text_indentation

>>> text_indentation("Hello, how are you? My name is Lily.")
Hello, how are you?
<BLANKLINE>
My name is Lily.
<BLANKLINE>
>>> text_indentation(4.0)
Traceback (most recent call last):
        ...
TypeError: text must be a string
>>> text_indentation(-4)
Traceback (most recent call last):
        ...
TypeError: text must be a string
>>> text_indentation("Hey", "Hello?")
Traceback (most recent call last):
        ...
TypeError: text_indentation() takes 1 positional argument but 2 were given
>>> text_indentation()
Traceback (most recent call last):
        ...
TypeError: text_indentation() missing 1 required positional argument: 'text'